ParaTest v7.8.4 upon PHPUnit 11.5.42 by Sebastian Bergmann and contributors.


In ParsingFileAnalyser.php line 186:
                                                                               
  Cannot parse /opt/nestogy/app/Domains/HR/Models/HRSettingsOverride.php: Can  
  not use App\Domains\Core\Models\Company as Company because the name is alre  
  ady in use on line 6                                                         
                                                                               

In NameContext.php line 70:
                                                                               
  Cannot use App\Domains\Core\Models\Company as Company because the name is a  
  lready in use on line 6                                                      
                                                                               

paratest [--functional] [-m|--max-batch-size MAX-BATCH-SIZE] [--no-test-tokens] [--passthru-php PASSTHRU-PHP] [-p|--processes PROCESSES] [--runner RUNNER] [--tmp-dir TMP-DIR] [-v|--verbose] [--bootstrap BOOTSTRAP] [-c|--configuration CONFIGURATION] [--no-configuration] [--cache-directory CACHE-DIRECTORY] [--testsuite TESTSUITE] [--exclude-testsuite EXCLUDE-TESTSUITE] [--group GROUP] [--exclude-group EXCLUDE-GROUP] [--filter FILTER] [--process-isolation] [--strict-coverage] [--strict-global-state] [--disallow-test-output] [--dont-report-useless-tests] [--stop-on-defect] [--stop-on-error] [--stop-on-failure] [--stop-on-warning] [--stop-on-risky] [--stop-on-skipped] [--stop-on-incomplete] [--fail-on-incomplete] [--fail-on-risky] [--fail-on-skipped] [--fail-on-warning] [--fail-on-deprecation] [--order-by ORDER-BY] [--random-order-seed RANDOM-ORDER-SEED] [--colors [COLORS]] [--no-progress] [--display-incomplete] [--display-skipped] [--display-deprecations] [--display-errors] [--display-notices] [--display-warnings] [--teamcity] [--testdox] [--log-junit LOG-JUNIT] [--log-teamcity LOG-TEAMCITY] [--coverage-clover COVERAGE-CLOVER] [--coverage-cobertura COVERAGE-COBERTURA] [--coverage-crap4j COVERAGE-CRAP4J] [--coverage-html COVERAGE-HTML] [--coverage-php COVERAGE-PHP] [--coverage-text [COVERAGE-TEXT]] [--coverage-xml COVERAGE-XML] [--coverage-filter COVERAGE-FILTER] [--no-coverage] [--] [<path>]

Warming cache for static analysis ... 